version https://git-lfs.github.com/spec/v1
oid sha256:6cfaa706211dad665499959687b50f12155bdc76b3da6f32ddcf7cc7574153ea
size 564
