version https://git-lfs.github.com/spec/v1
oid sha256:ef3ac9c108666b1321b40cea74caae1c83eadf751adf5d4abc1139f7e7367ad0
size 1277
