version https://git-lfs.github.com/spec/v1
oid sha256:dfc36c4bea28be02397bed843e15fccffc5fb862cd94b77c9fbb59dd4c57bc2a
size 562
